{'- bar\n+ foo\n': ['a', 'e'], '- baz\n': ['b', 'c', 'd']}