Failed tests:
a

-----------------
Total test failure count: 1