Failed tests:
a
b

-----------------
Failures can be grouped. All tests in this list have exactly the same diff:
Group #1 (2 tests):
a
b
They share this diff:
- 
+ ----------------------------------------


-----------------
Total test failure count: 2