Group #1 (2 tests):
a
b
All share this diff:
+ foo

Group #2 (2 tests):
a
c
All share this diff:
- bar

