Failed tests:
a
b

-----------------
Additionally, tests in this list have similarities in their diffs
Group #1 (2 tests):
a
b
They have added lines:
['+ foo\n']

-----------------
Total test failure count: 2