['a.received.txt', 'a.approved.txt', 'bar.xxx.txt']