{'They share this diff- bar\n+ foo\n': ['a', 'b']}